> Task :app:checkKotlinGradlePluginConfigurationErrors SKIPPED
> Task :app:preBuild UP-TO-DATE
> Task :app:preDebugBuild UP-TO-DATE
> Task :app:checkDebugAarMetadata UP-TO-DATE
> Task :app:generateDebugResValues UP-TO-DATE
> Task :app:mapDebugSourceSetPaths UP-TO-DATE
> Task :app:generateDebugResources UP-TO-DATE
> Task :app:mergeDebugResources UP-TO-DATE
> Task :app:packageDebugResources UP-TO-DATE
> Task :app:parseDebugLocalResources UP-TO-DATE
> Task :app:createDebugCompatibleScreenManifests UP-TO-DATE
> Task :app:extractDeepLinksDebug UP-TO-DATE
> Task :app:processDebugMainManifest UP-TO-DATE
> Task :app:processDebugManifest UP-TO-DATE
> Task :app:processDebugManifestForPackage UP-TO-DATE
> Task :app:processDebugResources UP-TO-DATE
> Task :app:kspDebugKotlin UP-TO-DATE

> Task :app:compileDebugKotlin FAILED
.\gradlew.bat : e: file:///E:/FlipAccounting-AI/app/src/main/java/tao/test/flipaccounting/AIService.kt:45:62 Unresolved
 reference 'RULE_EXTRACT_PROMPT_DEFAULT'.
所在位置 行:1 字符: 1
+ .\gradlew.bat compileDebugKotlin 2>&1 | Out-File -FilePath ".\build_e ...
+ ~~~~~~~~~~~~~~~~~~~~~~~~~~~~~~~~~~~~~
    + CategoryInfo          : NotSpecified: (e: file:///E:/F...ROMPT_DEFAULT'.:String) [], RemoteException
    + FullyQualifiedErrorId : NativeCommandError
 
e: file:///E:/FlipAccounting-AI/app/src/main/java/tao/test/flipaccounting/AIService.kt:609:28 Unresolved reference 'MOD
IFY_BILL_PROMPT_DEFAULT'.
e: file:///E:/FlipAccounting-AI/app/src/main/java/tao/test/flipaccounting/ChatMessagePipeline.kt:185:34 Cannot infer ty
pe for this parameter. Please specify it explicitly.
e: file:///E:/FlipAccounting-AI/app/src/main/java/tao/test/flipaccounting/ChatMessagePipeline.kt:185:46 Cannot infer ty
pe for this parameter. Please specify it explicitly.
e: file:///E:/FlipAccounting-AI/app/src/main/java/tao/test/flipaccounting/ChatMessagePipeline.kt:185:78 Unresolved refe
rence 'cleanJsonString'.
e: file:///E:/FlipAccounting-AI/app/src/main/java/tao/test/flipaccounting/ChatMessagePipeline.kt:194:41 Argument type m
ismatch: actual type is 'kotlin.Any', but 'org.json.JSONObject' was expected.

[Incubating] Problems report is available at: file:///E:/FlipAccounting-AI/build/reports/problems/problems-report.html

FAILURE: Build failed with an exception.

* What went wrong:
Execution failed for task ':app:compileDebugKotlin'.
> A failure occurred while executing org.jetbrains.kotlin.compilerRunner.GradleCompilerRunnerWithWorkers$GradleKotlinCo
mpilerWorkAction
   > Compilation error. See log for more details

* Try:
> Run with --stacktrace option to get the stack trace.
> Run with --info or --debug option to get more log output.
> Run with --scan to get full insights from a Build Scan (powered by Develocity).
> Get more help at https://help.gradle.org.

Deprecated Gradle features were used in this build, making it incompatible with Gradle 10.

You can use '--warning-mode all' to show the individual deprecation warnings and determine if they come from your own scripts or plugins.

For more on this, please refer to https://docs.gradle.org/9.3.1/userguide/command_line_interface.html#sec:command_line_warnings in the Gradle documentation.

BUILD FAILED in 12s
15 actionable tasks: 1 executed, 14 up-to-date
